[2026-03-28 18:34:51 38044] Params: {'dense': [1000, 500, 100, 50], 'batch_size': 100, 'epochs': 1, 'activation': 'relu', 'loss': 'mse', 'optimizer': 'sgd', 'learning_rate': 0.001, 'scaling': 'std', 'dropout': 0.1, 'feature_subsample': 0, 'val_split': 0.1, 'rng_seed': 2017, 'initialization': 'normal', 'min_logconc': -5.0, 'max_logconc': -4.0, 'category_cutoffs': [0.0], 'test_cell_split': 0.15, 'cell_features': ['expression'], 'drug_features': ['descriptors'], 'subsample': 'naive_balancing', 'batch_normalization': False, 'cell_noise_sigma': 0.0, 'output_dir': 'C:\\Users\\pgalt\\Desktop\\xai\\Pilot1\\Pilot1\\P1B3\\save\\EXP000\\RUN000', 'verbose': None, 'logfile': None, 'train_bool': True, 'experiment_id': 'EXP000', 'run_id': 'RUN000', 'shuffle': False, 'profiling': False, 'scramble': False, 'workers': 1, 'data_type': <class 'numpy.float32'>, 'timeout': -1}
[2026-04-07 19:39:44 9848] Params: {'dense': [1000, 500, 100, 50], 'batch_size': 100, 'epochs': 1, 'activation': 'relu', 'loss': 'mse', 'optimizer': 'sgd', 'learning_rate': 0.001, 'scaling': 'std', 'dropout': 0.1, 'feature_subsample': 0, 'val_split': 0.1, 'rng_seed': 2017, 'initialization': 'normal', 'min_logconc': -5.0, 'max_logconc': -4.0, 'category_cutoffs': [0.0], 'test_cell_split': 0.15, 'cell_features': ['expression'], 'drug_features': ['descriptors'], 'subsample': 'naive_balancing', 'batch_normalization': False, 'cell_noise_sigma': 0.0, 'output_dir': 'C:\\Users\\pgalt\\Desktop\\xai\\Pilot1\\Pilot1\\P1B3\\save\\EXP000\\RUN000', 'verbose': None, 'logfile': None, 'train_bool': True, 'experiment_id': 'EXP000', 'run_id': 'RUN000', 'shuffle': False, 'profiling': False, 'scramble': False, 'workers': 1, 'data_type': <class 'numpy.float32'>, 'timeout': -1}
[2026-04-07 19:40:03 9848] Loaded 2328562 unique (D, CL) response sets.
[2026-04-07 19:40:56 9848] Filtered down to 1151557 rows with matching information.
[2026-04-07 19:40:56 9848] Combined train and validation set has 1000151 rows
[2026-04-07 19:40:56 9848] Use unseen drugs and a fraction of seen cell lines for testing: LC:HOP_62, LC:NCI_H460, LE:MOLT_4, LE:RPMI_8226, ME:M14, ME:UACC_62, RE:A498, RE:ACHN
[2026-04-07 19:40:57 9848] Test set has 14740 rows
[2026-04-07 19:40:57 9848] Distribution of dose response:
[2026-04-07 19:40:57 9848]              GROWTH
count  1.014891e+06
mean  -1.296296e+00
std    6.216944e+01
min   -1.000000e+02
25%   -5.600000e+01
50%    0.000000e+00
75%    4.600000e+01
max    2.700000e+02
[2026-04-07 19:40:57 9848] Category cutoffs: [0.0]
[2026-04-07 19:40:57 9848] Dose response bin counts:
[2026-04-07 19:40:57 9848]   Class 0:  502018 (0.4947) - between -1.00 and +0.00
[2026-04-07 19:40:57 9848]   Class 1:  512873 (0.5053) - between +0.00 and +2.70
[2026-04-07 19:40:57 9848]   Total:   1014891
[2026-04-07 19:40:57 9848] Rows in train: 900136, val: 100015, test: 14740
[2026-04-07 19:40:57 9848] Input features shapes:
[2026-04-07 19:40:57 9848]   drug_concentration: (1,)
[2026-04-07 19:40:57 9848]   cell_expression: (25722,)
[2026-04-07 19:40:57 9848]   drug_descriptors: (3809,)
[2026-04-07 19:40:57 9848] Total input dimensions: 29532
[2026-04-07 19:40:58 9848] Model: {"class_name": "Sequential", "config": {"name": "sequential_1", "layers": [{"class_name": "Dense", "config": {"name": "dense_1", "trainable": true, "batch_input_shape": [null, 29532], "dtype": "float32", "units": 1000, "activation": "linear", "use_bias": true, "kernel_initializer": {"class_name": "RandomNormal", "config": {"mean": 0.0, "stddev": 0.05, "seed": 2021}}, "bias_initializer": {"class_name": "Constant", "config": {"value": 0.0}}, "kernel_regularizer": null, "bias_regularizer": null, "activity_regularizer": null, "kernel_constraint": null, "bias_constraint": null}}, {"class_name": "Activation", "config": {"name": "activation_1", "trainable": true, "dtype": "float32", "activation": "relu"}}, {"class_name": "Dropout", "config": {"name": "dropout_1", "trainable": true, "dtype": "float32", "rate": 0.1, "noise_shape": null, "seed": null}}, {"class_name": "Dense", "config": {"name": "dense_2", "trainable": true, "batch_input_shape": [null, 29532], "dtype": "float32", "units": 500, "activation": "linear", "use_bias": true, "kernel_initializer": {"class_name": "RandomNormal", "config": {"mean": 0.0, "stddev": 0.05, "seed": 2021}}, "bias_initializer": {"class_name": "Constant", "config": {"value": 0.0}}, "kernel_regularizer": null, "bias_regularizer": null, "activity_regularizer": null, "kernel_constraint": null, "bias_constraint": null}}, {"class_name": "Activation", "config": {"name": "activation_2", "trainable": true, "dtype": "float32", "activation": "relu"}}, {"class_name": "Dropout", "config": {"name": "dropout_2", "trainable": true, "dtype": "float32", "rate": 0.1, "noise_shape": null, "seed": null}}, {"class_name": "Dense", "config": {"name": "dense_3", "trainable": true, "batch_input_shape": [null, 29532], "dtype": "float32", "units": 100, "activation": "linear", "use_bias": true, "kernel_initializer": {"class_name": "RandomNormal", "config": {"mean": 0.0, "stddev": 0.05, "seed": 2021}}, "bias_initializer": {"class_name": "Constant", "config": {"value": 0.0}}, "kernel_regularizer": null, "bias_regularizer": null, "activity_regularizer": null, "kernel_constraint": null, "bias_constraint": null}}, {"class_name": "Activation", "config": {"name": "activation_3", "trainable": true, "dtype": "float32", "activation": "relu"}}, {"class_name": "Dropout", "config": {"name": "dropout_3", "trainable": true, "dtype": "float32", "rate": 0.1, "noise_shape": null, "seed": null}}, {"class_name": "Dense", "config": {"name": "dense_4", "trainable": true, "batch_input_shape": [null, 29532], "dtype": "float32", "units": 50, "activation": "linear", "use_bias": true, "kernel_initializer": {"class_name": "RandomNormal", "config": {"mean": 0.0, "stddev": 0.05, "seed": 2021}}, "bias_initializer": {"class_name": "Constant", "config": {"value": 0.0}}, "kernel_regularizer": null, "bias_regularizer": null, "activity_regularizer": null, "kernel_constraint": null, "bias_constraint": null}}, {"class_name": "Activation", "config": {"name": "activation_4", "trainable": true, "dtype": "float32", "activation": "relu"}}, {"class_name": "Dropout", "config": {"name": "dropout_4", "trainable": true, "dtype": "float32", "rate": 0.1, "noise_shape": null, "seed": null}}, {"class_name": "Dense", "config": {"name": "dense_5", "trainable": true, "dtype": "float32", "units": 1, "activation": "linear", "use_bias": true, "kernel_initializer": {"class_name": "VarianceScaling", "config": {"scale": 1.0, "mode": "fan_avg", "distribution": "uniform", "seed": null}}, "bias_initializer": {"class_name": "Zeros", "config": {}}, "kernel_regularizer": null, "bias_regularizer": null, "activity_regularizer": null, "kernel_constraint": null, "bias_constraint": null}}]}, "keras_version": "2.3.1", "backend": "tensorflow"}
