[2026-04-07 16:27:01 29788] Params: {'dense': [1000, 500, 100, 50], 'batch_size': 100, 'epochs': 1, 'activation': 'relu', 'loss': 'mse', 'optimizer': 'sgd', 'learning_rate': 0.001, 'scaling': 'std', 'dropout': 0.1, 'feature_subsample': 500, 'val_split': 0.1, 'rng_seed': 2017, 'initialization': 'normal', 'min_logconc': -5.0, 'max_logconc': -4.0, 'category_cutoffs': [0.0], 'test_cell_split': 0.15, 'cell_features': ['expression'], 'drug_features': ['descriptors'], 'subsample': 'naive_balancing', 'batch_normalization': False, 'cell_noise_sigma': 0.0, 'output_dir': 'C:\\Users\\pgalt\\Desktop\\xai\\Pilot1\\Pilot1\\P1B3\\save\\EXP000\\RUN000', 'verbose': None, 'logfile': None, 'train_bool': True, 'experiment_id': 'EXP000', 'run_id': 'RUN000', 'shuffle': False, 'profiling': False, 'scramble': False, 'workers': 1, 'train_steps': 100, 'data_type': <class 'numpy.float32'>, 'timeout': -1}
[2026-04-07 16:27:09 29788] Loaded 2328562 unique (D, CL) response sets.
[2026-04-07 16:27:30 29788] Filtered down to 1151557 rows with matching information.
[2026-04-07 16:27:30 29788] Combined train and validation set has 1000151 rows
[2026-04-07 16:27:31 29788] Use unseen drugs and a fraction of seen cell lines for testing: LC:HOP_62, LC:NCI_H460, LE:MOLT_4, LE:RPMI_8226, ME:M14, ME:UACC_62, RE:A498, RE:ACHN
[2026-04-07 16:27:31 29788] Test set has 14740 rows
[2026-04-07 16:27:31 29788] Distribution of dose response:
[2026-04-07 16:27:31 29788]              GROWTH
count  1.014891e+06
mean  -1.296296e+00
std    6.216944e+01
min   -1.000000e+02
25%   -5.600000e+01
50%    0.000000e+00
75%    4.600000e+01
max    2.700000e+02
[2026-04-07 16:27:31 29788] Category cutoffs: [0.0]
[2026-04-07 16:27:31 29788] Dose response bin counts:
[2026-04-07 16:27:31 29788]   Class 0:  502018 (0.4947) - between -1.00 and +0.00
[2026-04-07 16:27:31 29788]   Class 1:  512873 (0.5053) - between +0.00 and +2.70
[2026-04-07 16:27:31 29788]   Total:   1014891
[2026-04-07 16:27:31 29788] Rows in train: 900136, val: 100015, test: 14740
[2026-04-07 16:27:31 29788] Input features shapes:
[2026-04-07 16:27:31 29788]   drug_concentration: (1,)
[2026-04-07 16:27:31 29788]   cell_expression: (500,)
[2026-04-07 16:27:31 29788]   drug_descriptors: (500,)
[2026-04-07 16:27:31 29788] Total input dimensions: 1001
[2026-04-07 16:27:31 29788] Model: {"class_name": "Sequential", "config": {"name": "sequential_1", "layers": [{"class_name": "Dense", "config": {"name": "dense_1", "trainable": true, "batch_input_shape": [null, 1001], "dtype": "float32", "units": 1000, "activation": "linear", "use_bias": true, "kernel_initializer": {"class_name": "RandomNormal", "config": {"mean": 0.0, "stddev": 0.05, "seed": 2021}}, "bias_initializer": {"class_name": "Constant", "config": {"value": 0.0}}, "kernel_regularizer": null, "bias_regularizer": null, "activity_regularizer": null, "kernel_constraint": null, "bias_constraint": null}}, {"class_name": "Activation", "config": {"name": "activation_1", "trainable": true, "dtype": "float32", "activation": "relu"}}, {"class_name": "Dropout", "config": {"name": "dropout_1", "trainable": true, "dtype": "float32", "rate": 0.1, "noise_shape": null, "seed": null}}, {"class_name": "Dense", "config": {"name": "dense_2", "trainable": true, "batch_input_shape": [null, 1001], "dtype": "float32", "units": 500, "activation": "linear", "use_bias": true, "kernel_initializer": {"class_name": "RandomNormal", "config": {"mean": 0.0, "stddev": 0.05, "seed": 2021}}, "bias_initializer": {"class_name": "Constant", "config": {"value": 0.0}}, "kernel_regularizer": null, "bias_regularizer": null, "activity_regularizer": null, "kernel_constraint": null, "bias_constraint": null}}, {"class_name": "Activation", "config": {"name": "activation_2", "trainable": true, "dtype": "float32", "activation": "relu"}}, {"class_name": "Dropout", "config": {"name": "dropout_2", "trainable": true, "dtype": "float32", "rate": 0.1, "noise_shape": null, "seed": null}}, {"class_name": "Dense", "config": {"name": "dense_3", "trainable": true, "batch_input_shape": [null, 1001], "dtype": "float32", "units": 100, "activation": "linear", "use_bias": true, "kernel_initializer": {"class_name": "RandomNormal", "config": {"mean": 0.0, "stddev": 0.05, "seed": 2021}}, "bias_initializer": {"class_name": "Constant", "config": {"value": 0.0}}, "kernel_regularizer": null, "bias_regularizer": null, "activity_regularizer": null, "kernel_constraint": null, "bias_constraint": null}}, {"class_name": "Activation", "config": {"name": "activation_3", "trainable": true, "dtype": "float32", "activation": "relu"}}, {"class_name": "Dropout", "config": {"name": "dropout_3", "trainable": true, "dtype": "float32", "rate": 0.1, "noise_shape": null, "seed": null}}, {"class_name": "Dense", "config": {"name": "dense_4", "trainable": true, "batch_input_shape": [null, 1001], "dtype": "float32", "units": 50, "activation": "linear", "use_bias": true, "kernel_initializer": {"class_name": "RandomNormal", "config": {"mean": 0.0, "stddev": 0.05, "seed": 2021}}, "bias_initializer": {"class_name": "Constant", "config": {"value": 0.0}}, "kernel_regularizer": null, "bias_regularizer": null, "activity_regularizer": null, "kernel_constraint": null, "bias_constraint": null}}, {"class_name": "Activation", "config": {"name": "activation_4", "trainable": true, "dtype": "float32", "activation": "relu"}}, {"class_name": "Dropout", "config": {"name": "dropout_4", "trainable": true, "dtype": "float32", "rate": 0.1, "noise_shape": null, "seed": null}}, {"class_name": "Dense", "config": {"name": "dense_5", "trainable": true, "dtype": "float32", "units": 1, "activation": "linear", "use_bias": true, "kernel_initializer": {"class_name": "VarianceScaling", "config": {"scale": 1.0, "mode": "fan_avg", "distribution": "uniform", "seed": null}}, "bias_initializer": {"class_name": "Zeros", "config": {}}, "kernel_regularizer": null, "bias_regularizer": null, "activity_regularizer": null, "kernel_constraint": null, "bias_constraint": null}}]}, "keras_version": "2.3.1", "backend": "tensorflow"}
[2026-04-07 16:30:23 29788] Epoch 1/1 - loss: 0.4569 - val_loss: 0.4019 - val_acc: 0.5167 - test_loss: 0.3844 - test_acc: 0.5171
[2026-04-07 17:57:14 2020] Params: {'dense': [1000, 500, 100, 50], 'batch_size': 100, 'epochs': 1, 'activation': 'relu', 'loss': 'mse', 'optimizer': 'sgd', 'learning_rate': 0.001, 'scaling': 'std', 'dropout': 0.1, 'feature_subsample': 500, 'val_split': 0.1, 'rng_seed': 2017, 'initialization': 'normal', 'min_logconc': -5.0, 'max_logconc': -4.0, 'category_cutoffs': [0.0], 'test_cell_split': 0.15, 'cell_features': ['expression'], 'drug_features': ['descriptors'], 'subsample': 'naive_balancing', 'batch_normalization': False, 'cell_noise_sigma': 0.0, 'output_dir': 'C:\\Users\\pgalt\\Desktop\\xai\\Pilot1\\Pilot1\\P1B3\\save\\EXP000\\RUN000', 'verbose': None, 'logfile': None, 'train_bool': True, 'experiment_id': 'EXP000', 'run_id': 'RUN000', 'shuffle': False, 'profiling': False, 'scramble': False, 'workers': 1, 'train_steps': 100, 'data_type': <class 'numpy.float32'>, 'timeout': -1}
[2026-04-07 17:57:21 2020] Loaded 2328562 unique (D, CL) response sets.
[2026-04-07 17:57:44 2020] Filtered down to 1151557 rows with matching information.
[2026-04-07 17:57:44 2020] Combined train and validation set has 1000151 rows
[2026-04-07 17:57:44 2020] Use unseen drugs and a fraction of seen cell lines for testing: LC:HOP_62, LC:NCI_H460, LE:MOLT_4, LE:RPMI_8226, ME:M14, ME:UACC_62, RE:A498, RE:ACHN
[2026-04-07 17:57:44 2020] Test set has 14740 rows
[2026-04-07 17:57:44 2020] Distribution of dose response:
[2026-04-07 17:57:45 2020]              GROWTH
count  1.014891e+06
mean  -1.296296e+00
std    6.216944e+01
min   -1.000000e+02
25%   -5.600000e+01
50%    0.000000e+00
75%    4.600000e+01
max    2.700000e+02
[2026-04-07 17:57:45 2020] Category cutoffs: [0.0]
[2026-04-07 17:57:45 2020] Dose response bin counts:
[2026-04-07 17:57:45 2020]   Class 0:  502018 (0.4947) - between -1.00 and +0.00
[2026-04-07 17:57:45 2020]   Class 1:  512873 (0.5053) - between +0.00 and +2.70
[2026-04-07 17:57:45 2020]   Total:   1014891
[2026-04-07 17:57:45 2020] Rows in train: 900136, val: 100015, test: 14740
[2026-04-07 17:57:45 2020] Input features shapes:
[2026-04-07 17:57:45 2020]   drug_concentration: (1,)
[2026-04-07 17:57:45 2020]   cell_expression: (500,)
[2026-04-07 17:57:45 2020]   drug_descriptors: (500,)
[2026-04-07 17:57:45 2020] Total input dimensions: 1001
[2026-04-07 17:57:45 2020] Model: {"class_name": "Sequential", "config": {"name": "sequential_1", "layers": [{"class_name": "Dense", "config": {"name": "dense_1", "trainable": true, "batch_input_shape": [null, 1001], "dtype": "float32", "units": 1000, "activation": "linear", "use_bias": true, "kernel_initializer": {"class_name": "RandomNormal", "config": {"mean": 0.0, "stddev": 0.05, "seed": 2021}}, "bias_initializer": {"class_name": "Constant", "config": {"value": 0.0}}, "kernel_regularizer": null, "bias_regularizer": null, "activity_regularizer": null, "kernel_constraint": null, "bias_constraint": null}}, {"class_name": "Activation", "config": {"name": "activation_1", "trainable": true, "dtype": "float32", "activation": "relu"}}, {"class_name": "Dropout", "config": {"name": "dropout_1", "trainable": true, "dtype": "float32", "rate": 0.1, "noise_shape": null, "seed": null}}, {"class_name": "Dense", "config": {"name": "dense_2", "trainable": true, "batch_input_shape": [null, 1001], "dtype": "float32", "units": 500, "activation": "linear", "use_bias": true, "kernel_initializer": {"class_name": "RandomNormal", "config": {"mean": 0.0, "stddev": 0.05, "seed": 2021}}, "bias_initializer": {"class_name": "Constant", "config": {"value": 0.0}}, "kernel_regularizer": null, "bias_regularizer": null, "activity_regularizer": null, "kernel_constraint": null, "bias_constraint": null}}, {"class_name": "Activation", "config": {"name": "activation_2", "trainable": true, "dtype": "float32", "activation": "relu"}}, {"class_name": "Dropout", "config": {"name": "dropout_2", "trainable": true, "dtype": "float32", "rate": 0.1, "noise_shape": null, "seed": null}}, {"class_name": "Dense", "config": {"name": "dense_3", "trainable": true, "batch_input_shape": [null, 1001], "dtype": "float32", "units": 100, "activation": "linear", "use_bias": true, "kernel_initializer": {"class_name": "RandomNormal", "config": {"mean": 0.0, "stddev": 0.05, "seed": 2021}}, "bias_initializer": {"class_name": "Constant", "config": {"value": 0.0}}, "kernel_regularizer": null, "bias_regularizer": null, "activity_regularizer": null, "kernel_constraint": null, "bias_constraint": null}}, {"class_name": "Activation", "config": {"name": "activation_3", "trainable": true, "dtype": "float32", "activation": "relu"}}, {"class_name": "Dropout", "config": {"name": "dropout_3", "trainable": true, "dtype": "float32", "rate": 0.1, "noise_shape": null, "seed": null}}, {"class_name": "Dense", "config": {"name": "dense_4", "trainable": true, "batch_input_shape": [null, 1001], "dtype": "float32", "units": 50, "activation": "linear", "use_bias": true, "kernel_initializer": {"class_name": "RandomNormal", "config": {"mean": 0.0, "stddev": 0.05, "seed": 2021}}, "bias_initializer": {"class_name": "Constant", "config": {"value": 0.0}}, "kernel_regularizer": null, "bias_regularizer": null, "activity_regularizer": null, "kernel_constraint": null, "bias_constraint": null}}, {"class_name": "Activation", "config": {"name": "activation_4", "trainable": true, "dtype": "float32", "activation": "relu"}}, {"class_name": "Dropout", "config": {"name": "dropout_4", "trainable": true, "dtype": "float32", "rate": 0.1, "noise_shape": null, "seed": null}}, {"class_name": "Dense", "config": {"name": "dense_5", "trainable": true, "dtype": "float32", "units": 1, "activation": "linear", "use_bias": true, "kernel_initializer": {"class_name": "VarianceScaling", "config": {"scale": 1.0, "mode": "fan_avg", "distribution": "uniform", "seed": null}}, "bias_initializer": {"class_name": "Zeros", "config": {}}, "kernel_regularizer": null, "bias_regularizer": null, "activity_regularizer": null, "kernel_constraint": null, "bias_constraint": null}}]}, "keras_version": "2.3.1", "backend": "tensorflow"}
[2026-04-07 18:00:26 2020] Epoch 1/1 - loss: 0.4569 - val_loss: 0.4019 - val_acc: 0.5167 - test_loss: 0.3844 - test_acc: 0.5171
[2026-04-07 19:48:56 22884] Params: {'dense': [1000, 500, 100, 50], 'batch_size': 100, 'epochs': 1, 'activation': 'relu', 'loss': 'mse', 'optimizer': 'sgd', 'learning_rate': 0.001, 'scaling': 'std', 'dropout': 0.1, 'feature_subsample': 500, 'val_split': 0.1, 'rng_seed': 2017, 'initialization': 'normal', 'min_logconc': -5.0, 'max_logconc': -4.0, 'category_cutoffs': [0.0], 'test_cell_split': 0.15, 'cell_features': ['expression'], 'drug_features': ['descriptors'], 'subsample': 'naive_balancing', 'batch_normalization': False, 'cell_noise_sigma': 0.0, 'output_dir': 'C:\\Users\\pgalt\\Desktop\\xai\\Pilot1\\Pilot1\\P1B3\\save\\EXP000\\RUN000', 'verbose': None, 'logfile': None, 'train_bool': True, 'experiment_id': 'EXP000', 'run_id': 'RUN000', 'shuffle': False, 'profiling': False, 'scramble': False, 'workers': 1, 'train_steps': 100, 'val_steps': 10, 'test_steps': 10, 'data_type': <class 'numpy.float32'>, 'timeout': -1}
[2026-04-07 19:49:03 22884] Loaded 2328562 unique (D, CL) response sets.
[2026-04-07 19:49:23 22884] Filtered down to 1151557 rows with matching information.
[2026-04-07 19:49:23 22884] Combined train and validation set has 1000151 rows
[2026-04-07 19:49:23 22884] Use unseen drugs and a fraction of seen cell lines for testing: LC:HOP_62, LC:NCI_H460, LE:MOLT_4, LE:RPMI_8226, ME:M14, ME:UACC_62, RE:A498, RE:ACHN
[2026-04-07 19:49:23 22884] Test set has 14740 rows
[2026-04-07 19:49:24 22884] Distribution of dose response:
[2026-04-07 19:49:24 22884]              GROWTH
count  1.014891e+06
mean  -1.296296e+00
std    6.216944e+01
min   -1.000000e+02
25%   -5.600000e+01
50%    0.000000e+00
75%    4.600000e+01
max    2.700000e+02
[2026-04-07 19:49:24 22884] Category cutoffs: [0.0]
[2026-04-07 19:49:24 22884] Dose response bin counts:
[2026-04-07 19:49:24 22884]   Class 0:  502018 (0.4947) - between -1.00 and +0.00
[2026-04-07 19:49:24 22884]   Class 1:  512873 (0.5053) - between +0.00 and +2.70
[2026-04-07 19:49:24 22884]   Total:   1014891
[2026-04-07 19:49:24 22884] Rows in train: 900136, val: 100015, test: 14740
[2026-04-07 19:49:24 22884] Input features shapes:
[2026-04-07 19:49:24 22884]   drug_concentration: (1,)
[2026-04-07 19:49:24 22884]   cell_expression: (500,)
[2026-04-07 19:49:24 22884]   drug_descriptors: (500,)
[2026-04-07 19:49:24 22884] Total input dimensions: 1001
[2026-04-07 19:49:24 22884] Model: {"class_name": "Sequential", "config": {"name": "sequential_1", "layers": [{"class_name": "Dense", "config": {"name": "dense_1", "trainable": true, "batch_input_shape": [null, 1001], "dtype": "float32", "units": 1000, "activation": "linear", "use_bias": true, "kernel_initializer": {"class_name": "RandomNormal", "config": {"mean": 0.0, "stddev": 0.05, "seed": 2021}}, "bias_initializer": {"class_name": "Constant", "config": {"value": 0.0}}, "kernel_regularizer": null, "bias_regularizer": null, "activity_regularizer": null, "kernel_constraint": null, "bias_constraint": null}}, {"class_name": "Activation", "config": {"name": "activation_1", "trainable": true, "dtype": "float32", "activation": "relu"}}, {"class_name": "Dropout", "config": {"name": "dropout_1", "trainable": true, "dtype": "float32", "rate": 0.1, "noise_shape": null, "seed": null}}, {"class_name": "Dense", "config": {"name": "dense_2", "trainable": true, "batch_input_shape": [null, 1001], "dtype": "float32", "units": 500, "activation": "linear", "use_bias": true, "kernel_initializer": {"class_name": "RandomNormal", "config": {"mean": 0.0, "stddev": 0.05, "seed": 2021}}, "bias_initializer": {"class_name": "Constant", "config": {"value": 0.0}}, "kernel_regularizer": null, "bias_regularizer": null, "activity_regularizer": null, "kernel_constraint": null, "bias_constraint": null}}, {"class_name": "Activation", "config": {"name": "activation_2", "trainable": true, "dtype": "float32", "activation": "relu"}}, {"class_name": "Dropout", "config": {"name": "dropout_2", "trainable": true, "dtype": "float32", "rate": 0.1, "noise_shape": null, "seed": null}}, {"class_name": "Dense", "config": {"name": "dense_3", "trainable": true, "batch_input_shape": [null, 1001], "dtype": "float32", "units": 100, "activation": "linear", "use_bias": true, "kernel_initializer": {"class_name": "RandomNormal", "config": {"mean": 0.0, "stddev": 0.05, "seed": 2021}}, "bias_initializer": {"class_name": "Constant", "config": {"value": 0.0}}, "kernel_regularizer": null, "bias_regularizer": null, "activity_regularizer": null, "kernel_constraint": null, "bias_constraint": null}}, {"class_name": "Activation", "config": {"name": "activation_3", "trainable": true, "dtype": "float32", "activation": "relu"}}, {"class_name": "Dropout", "config": {"name": "dropout_3", "trainable": true, "dtype": "float32", "rate": 0.1, "noise_shape": null, "seed": null}}, {"class_name": "Dense", "config": {"name": "dense_4", "trainable": true, "batch_input_shape": [null, 1001], "dtype": "float32", "units": 50, "activation": "linear", "use_bias": true, "kernel_initializer": {"class_name": "RandomNormal", "config": {"mean": 0.0, "stddev": 0.05, "seed": 2021}}, "bias_initializer": {"class_name": "Constant", "config": {"value": 0.0}}, "kernel_regularizer": null, "bias_regularizer": null, "activity_regularizer": null, "kernel_constraint": null, "bias_constraint": null}}, {"class_name": "Activation", "config": {"name": "activation_4", "trainable": true, "dtype": "float32", "activation": "relu"}}, {"class_name": "Dropout", "config": {"name": "dropout_4", "trainable": true, "dtype": "float32", "rate": 0.1, "noise_shape": null, "seed": null}}, {"class_name": "Dense", "config": {"name": "dense_5", "trainable": true, "dtype": "float32", "units": 1, "activation": "linear", "use_bias": true, "kernel_initializer": {"class_name": "VarianceScaling", "config": {"scale": 1.0, "mode": "fan_avg", "distribution": "uniform", "seed": null}}, "bias_initializer": {"class_name": "Zeros", "config": {}}, "kernel_regularizer": null, "bias_regularizer": null, "activity_regularizer": null, "kernel_constraint": null, "bias_constraint": null}}]}, "keras_version": "2.3.1", "backend": "tensorflow"}
[2026-04-07 19:49:39 22884] Epoch 1/1 - loss: 0.4569 - val_loss: 0.5542 - val_acc: 0.5110 - test_loss: 0.3568 - test_acc: 0.5020
[2026-04-07 19:56:58 29212] Params: {'dense': [1000, 500, 100, 50], 'batch_size': 100, 'epochs': 1, 'activation': 'relu', 'loss': 'mse', 'optimizer': 'sgd', 'learning_rate': 0.001, 'scaling': 'std', 'dropout': 0.1, 'feature_subsample': 500, 'val_split': 0.1, 'rng_seed': 2017, 'initialization': 'normal', 'min_logconc': -5.0, 'max_logconc': -4.0, 'category_cutoffs': [0.0], 'test_cell_split': 0.15, 'cell_features': ['expression'], 'drug_features': ['descriptors'], 'subsample': 'naive_balancing', 'batch_normalization': False, 'cell_noise_sigma': 0.0, 'output_dir': 'C:\\Users\\pgalt\\Desktop\\xai\\Pilot1\\Pilot1\\P1B3\\save\\EXP000\\RUN000', 'verbose': None, 'logfile': None, 'train_bool': True, 'experiment_id': 'EXP000', 'run_id': 'RUN000', 'shuffle': False, 'profiling': False, 'scramble': False, 'workers': 1, 'train_steps': 100, 'val_steps': 10, 'test_steps': 10, 'data_type': <class 'numpy.float32'>, 'timeout': -1}
[2026-04-07 19:57:14 29212] Loaded 2328562 unique (D, CL) response sets.
[2026-04-07 19:58:06 29212] Filtered down to 1151557 rows with matching information.
[2026-04-07 19:58:06 29212] Combined train and validation set has 1000151 rows
[2026-04-07 19:58:06 29212] Use unseen drugs and a fraction of seen cell lines for testing: LC:HOP_62, LC:NCI_H460, LE:MOLT_4, LE:RPMI_8226, ME:M14, ME:UACC_62, RE:A498, RE:ACHN
[2026-04-07 19:58:07 29212] Test set has 14740 rows
[2026-04-07 19:58:07 29212] Distribution of dose response:
[2026-04-07 19:58:07 29212]              GROWTH
count  1.014891e+06
mean  -1.296296e+00
std    6.216944e+01
min   -1.000000e+02
25%   -5.600000e+01
50%    0.000000e+00
75%    4.600000e+01
max    2.700000e+02
[2026-04-07 19:58:08 29212] Category cutoffs: [0.0]
[2026-04-07 19:58:08 29212] Dose response bin counts:
[2026-04-07 19:58:08 29212]   Class 0:  502018 (0.4947) - between -1.00 and +0.00
[2026-04-07 19:58:08 29212]   Class 1:  512873 (0.5053) - between +0.00 and +2.70
[2026-04-07 19:58:08 29212]   Total:   1014891
[2026-04-07 19:58:08 29212] Rows in train: 900136, val: 100015, test: 14740
[2026-04-07 19:58:08 29212] Input features shapes:
[2026-04-07 19:58:08 29212]   drug_concentration: (1,)
[2026-04-07 19:58:08 29212]   cell_expression: (500,)
[2026-04-07 19:58:08 29212]   drug_descriptors: (500,)
[2026-04-07 19:58:08 29212] Total input dimensions: 1001
[2026-04-07 19:58:08 29212] Model: {"class_name": "Sequential", "config": {"name": "sequential_1", "layers": [{"class_name": "Dense", "config": {"name": "dense_1", "trainable": true, "batch_input_shape": [null, 1001], "dtype": "float32", "units": 1000, "activation": "linear", "use_bias": true, "kernel_initializer": {"class_name": "RandomNormal", "config": {"mean": 0.0, "stddev": 0.05, "seed": 2021}}, "bias_initializer": {"class_name": "Constant", "config": {"value": 0.0}}, "kernel_regularizer": null, "bias_regularizer": null, "activity_regularizer": null, "kernel_constraint": null, "bias_constraint": null}}, {"class_name": "Activation", "config": {"name": "activation_1", "trainable": true, "dtype": "float32", "activation": "relu"}}, {"class_name": "Dropout", "config": {"name": "dropout_1", "trainable": true, "dtype": "float32", "rate": 0.1, "noise_shape": null, "seed": null}}, {"class_name": "Dense", "config": {"name": "dense_2", "trainable": true, "batch_input_shape": [null, 1001], "dtype": "float32", "units": 500, "activation": "linear", "use_bias": true, "kernel_initializer": {"class_name": "RandomNormal", "config": {"mean": 0.0, "stddev": 0.05, "seed": 2021}}, "bias_initializer": {"class_name": "Constant", "config": {"value": 0.0}}, "kernel_regularizer": null, "bias_regularizer": null, "activity_regularizer": null, "kernel_constraint": null, "bias_constraint": null}}, {"class_name": "Activation", "config": {"name": "activation_2", "trainable": true, "dtype": "float32", "activation": "relu"}}, {"class_name": "Dropout", "config": {"name": "dropout_2", "trainable": true, "dtype": "float32", "rate": 0.1, "noise_shape": null, "seed": null}}, {"class_name": "Dense", "config": {"name": "dense_3", "trainable": true, "batch_input_shape": [null, 1001], "dtype": "float32", "units": 100, "activation": "linear", "use_bias": true, "kernel_initializer": {"class_name": "RandomNormal", "config": {"mean": 0.0, "stddev": 0.05, "seed": 2021}}, "bias_initializer": {"class_name": "Constant", "config": {"value": 0.0}}, "kernel_regularizer": null, "bias_regularizer": null, "activity_regularizer": null, "kernel_constraint": null, "bias_constraint": null}}, {"class_name": "Activation", "config": {"name": "activation_3", "trainable": true, "dtype": "float32", "activation": "relu"}}, {"class_name": "Dropout", "config": {"name": "dropout_3", "trainable": true, "dtype": "float32", "rate": 0.1, "noise_shape": null, "seed": null}}, {"class_name": "Dense", "config": {"name": "dense_4", "trainable": true, "batch_input_shape": [null, 1001], "dtype": "float32", "units": 50, "activation": "linear", "use_bias": true, "kernel_initializer": {"class_name": "RandomNormal", "config": {"mean": 0.0, "stddev": 0.05, "seed": 2021}}, "bias_initializer": {"class_name": "Constant", "config": {"value": 0.0}}, "kernel_regularizer": null, "bias_regularizer": null, "activity_regularizer": null, "kernel_constraint": null, "bias_constraint": null}}, {"class_name": "Activation", "config": {"name": "activation_4", "trainable": true, "dtype": "float32", "activation": "relu"}}, {"class_name": "Dropout", "config": {"name": "dropout_4", "trainable": true, "dtype": "float32", "rate": 0.1, "noise_shape": null, "seed": null}}, {"class_name": "Dense", "config": {"name": "dense_5", "trainable": true, "dtype": "float32", "units": 1, "activation": "linear", "use_bias": true, "kernel_initializer": {"class_name": "VarianceScaling", "config": {"scale": 1.0, "mode": "fan_avg", "distribution": "uniform", "seed": null}}, "bias_initializer": {"class_name": "Zeros", "config": {}}, "kernel_regularizer": null, "bias_regularizer": null, "activity_regularizer": null, "kernel_constraint": null, "bias_constraint": null}}]}, "keras_version": "2.3.1", "backend": "tensorflow"}
[2026-04-07 19:58:39 29212] Epoch 1/1 - loss: 0.4569 - val_loss: 0.5542 - val_acc: 0.5110 - test_loss: 0.3568 - test_acc: 0.5020
[2026-04-07 20:11:25 28300] Params: {'dense': [1000, 500, 100, 50], 'batch_size': 100, 'epochs': 1, 'activation': 'relu', 'loss': 'mse', 'optimizer': 'sgd', 'learning_rate': 0.001, 'scaling': 'std', 'dropout': 0.1, 'feature_subsample': 500, 'val_split': 0.1, 'rng_seed': 2017, 'initialization': 'normal', 'min_logconc': -5.0, 'max_logconc': -4.0, 'category_cutoffs': [0.0], 'test_cell_split': 0.15, 'cell_features': ['expression'], 'drug_features': ['descriptors'], 'subsample': 'naive_balancing', 'batch_normalization': False, 'cell_noise_sigma': 0.0, 'output_dir': 'C:\\Users\\pgalt\\Desktop\\xai\\Pilot1\\Pilot1\\P1B3\\save\\EXP000\\RUN000', 'verbose': None, 'logfile': None, 'train_bool': True, 'experiment_id': 'EXP000', 'run_id': 'RUN000', 'shuffle': False, 'profiling': False, 'scramble': False, 'workers': 1, 'train_steps': 100, 'val_steps': 10, 'test_steps': 10, 'data_type': <class 'numpy.float32'>, 'timeout': -1}
[2026-04-07 20:11:31 28300] Loaded 2328562 unique (D, CL) response sets.
[2026-04-07 20:11:50 28300] Filtered down to 1151557 rows with matching information.
[2026-04-07 20:11:50 28300] Combined train and validation set has 1000151 rows
[2026-04-07 20:11:50 28300] Use unseen drugs and a fraction of seen cell lines for testing: LC:HOP_62, LC:NCI_H460, LE:MOLT_4, LE:RPMI_8226, ME:M14, ME:UACC_62, RE:A498, RE:ACHN
[2026-04-07 20:11:50 28300] Test set has 14740 rows
[2026-04-07 20:11:51 28300] Distribution of dose response:
[2026-04-07 20:11:51 28300]              GROWTH
count  1.014891e+06
mean  -1.296296e+00
std    6.216944e+01
min   -1.000000e+02
25%   -5.600000e+01
50%    0.000000e+00
75%    4.600000e+01
max    2.700000e+02
[2026-04-07 20:11:51 28300] Category cutoffs: [0.0]
[2026-04-07 20:11:51 28300] Dose response bin counts:
[2026-04-07 20:11:51 28300]   Class 0:  502018 (0.4947) - between -1.00 and +0.00
[2026-04-07 20:11:51 28300]   Class 1:  512873 (0.5053) - between +0.00 and +2.70
[2026-04-07 20:11:51 28300]   Total:   1014891
[2026-04-07 20:11:51 28300] Rows in train: 900136, val: 100015, test: 14740
[2026-04-07 20:11:51 28300] Input features shapes:
[2026-04-07 20:11:51 28300]   drug_concentration: (1,)
[2026-04-07 20:11:51 28300]   cell_expression: (500,)
[2026-04-07 20:11:51 28300]   drug_descriptors: (500,)
[2026-04-07 20:11:51 28300] Total input dimensions: 1001
[2026-04-07 20:11:51 28300] Model: {"class_name": "Sequential", "config": {"name": "sequential_1", "layers": [{"class_name": "Dense", "config": {"name": "dense_1", "trainable": true, "batch_input_shape": [null, 1001], "dtype": "float32", "units": 1000, "activation": "linear", "use_bias": true, "kernel_initializer": {"class_name": "RandomNormal", "config": {"mean": 0.0, "stddev": 0.05, "seed": 2021}}, "bias_initializer": {"class_name": "Constant", "config": {"value": 0.0}}, "kernel_regularizer": null, "bias_regularizer": null, "activity_regularizer": null, "kernel_constraint": null, "bias_constraint": null}}, {"class_name": "Activation", "config": {"name": "activation_1", "trainable": true, "dtype": "float32", "activation": "relu"}}, {"class_name": "Dropout", "config": {"name": "dropout_1", "trainable": true, "dtype": "float32", "rate": 0.1, "noise_shape": null, "seed": null}}, {"class_name": "Dense", "config": {"name": "dense_2", "trainable": true, "batch_input_shape": [null, 1001], "dtype": "float32", "units": 500, "activation": "linear", "use_bias": true, "kernel_initializer": {"class_name": "RandomNormal", "config": {"mean": 0.0, "stddev": 0.05, "seed": 2021}}, "bias_initializer": {"class_name": "Constant", "config": {"value": 0.0}}, "kernel_regularizer": null, "bias_regularizer": null, "activity_regularizer": null, "kernel_constraint": null, "bias_constraint": null}}, {"class_name": "Activation", "config": {"name": "activation_2", "trainable": true, "dtype": "float32", "activation": "relu"}}, {"class_name": "Dropout", "config": {"name": "dropout_2", "trainable": true, "dtype": "float32", "rate": 0.1, "noise_shape": null, "seed": null}}, {"class_name": "Dense", "config": {"name": "dense_3", "trainable": true, "batch_input_shape": [null, 1001], "dtype": "float32", "units": 100, "activation": "linear", "use_bias": true, "kernel_initializer": {"class_name": "RandomNormal", "config": {"mean": 0.0, "stddev": 0.05, "seed": 2021}}, "bias_initializer": {"class_name": "Constant", "config": {"value": 0.0}}, "kernel_regularizer": null, "bias_regularizer": null, "activity_regularizer": null, "kernel_constraint": null, "bias_constraint": null}}, {"class_name": "Activation", "config": {"name": "activation_3", "trainable": true, "dtype": "float32", "activation": "relu"}}, {"class_name": "Dropout", "config": {"name": "dropout_3", "trainable": true, "dtype": "float32", "rate": 0.1, "noise_shape": null, "seed": null}}, {"class_name": "Dense", "config": {"name": "dense_4", "trainable": true, "batch_input_shape": [null, 1001], "dtype": "float32", "units": 50, "activation": "linear", "use_bias": true, "kernel_initializer": {"class_name": "RandomNormal", "config": {"mean": 0.0, "stddev": 0.05, "seed": 2021}}, "bias_initializer": {"class_name": "Constant", "config": {"value": 0.0}}, "kernel_regularizer": null, "bias_regularizer": null, "activity_regularizer": null, "kernel_constraint": null, "bias_constraint": null}}, {"class_name": "Activation", "config": {"name": "activation_4", "trainable": true, "dtype": "float32", "activation": "relu"}}, {"class_name": "Dropout", "config": {"name": "dropout_4", "trainable": true, "dtype": "float32", "rate": 0.1, "noise_shape": null, "seed": null}}, {"class_name": "Dense", "config": {"name": "dense_5", "trainable": true, "dtype": "float32", "units": 1, "activation": "linear", "use_bias": true, "kernel_initializer": {"class_name": "VarianceScaling", "config": {"scale": 1.0, "mode": "fan_avg", "distribution": "uniform", "seed": null}}, "bias_initializer": {"class_name": "Zeros", "config": {}}, "kernel_regularizer": null, "bias_regularizer": null, "activity_regularizer": null, "kernel_constraint": null, "bias_constraint": null}}]}, "keras_version": "2.3.1", "backend": "tensorflow"}
[2026-04-07 20:12:08 28300] Epoch 1/1 - loss: 0.4569 - val_loss: 0.5542 - val_acc: 0.5110 - test_loss: 0.3568 - test_acc: 0.5020
[2026-04-07 20:15:13 20528] Params: {'dense': [1000, 500, 100, 50], 'batch_size': 100, 'epochs': 1, 'activation': 'relu', 'loss': 'mse', 'optimizer': 'sgd', 'learning_rate': 0.001, 'scaling': 'std', 'dropout': 0.1, 'feature_subsample': 500, 'val_split': 0.1, 'rng_seed': 2017, 'initialization': 'normal', 'min_logconc': -5.0, 'max_logconc': -4.0, 'category_cutoffs': [0.0], 'test_cell_split': 0.15, 'cell_features': ['expression'], 'drug_features': ['descriptors'], 'subsample': 'naive_balancing', 'batch_normalization': False, 'cell_noise_sigma': 0.0, 'output_dir': 'C:\\Users\\pgalt\\Desktop\\xai\\Pilot1\\Pilot1\\P1B3\\save\\EXP000\\RUN000', 'verbose': None, 'logfile': None, 'train_bool': True, 'experiment_id': 'EXP000', 'run_id': 'RUN000', 'shuffle': False, 'profiling': False, 'scramble': False, 'workers': 1, 'train_steps': 100, 'val_steps': 10, 'test_steps': 10, 'data_type': <class 'numpy.float32'>, 'timeout': -1}
[2026-04-07 20:15:27 20528] Loaded 2328562 unique (D, CL) response sets.
[2026-04-07 20:16:01 20528] Filtered down to 1151557 rows with matching information.
[2026-04-07 20:16:01 20528] Combined train and validation set has 1000151 rows
[2026-04-07 20:16:01 20528] Use unseen drugs and a fraction of seen cell lines for testing: LC:HOP_62, LC:NCI_H460, LE:MOLT_4, LE:RPMI_8226, ME:M14, ME:UACC_62, RE:A498, RE:ACHN
[2026-04-07 20:16:02 20528] Test set has 14740 rows
[2026-04-07 20:16:02 20528] Distribution of dose response:
[2026-04-07 20:16:03 20528]              GROWTH
count  1.014891e+06
mean  -1.296296e+00
std    6.216944e+01
min   -1.000000e+02
25%   -5.600000e+01
50%    0.000000e+00
75%    4.600000e+01
max    2.700000e+02
[2026-04-07 20:16:03 20528] Category cutoffs: [0.0]
[2026-04-07 20:16:03 20528] Dose response bin counts:
[2026-04-07 20:16:03 20528]   Class 0:  502018 (0.4947) - between -1.00 and +0.00
[2026-04-07 20:16:03 20528]   Class 1:  512873 (0.5053) - between +0.00 and +2.70
[2026-04-07 20:16:03 20528]   Total:   1014891
[2026-04-07 20:16:03 20528] Rows in train: 900136, val: 100015, test: 14740
[2026-04-07 20:16:03 20528] Input features shapes:
[2026-04-07 20:16:03 20528]   drug_concentration: (1,)
[2026-04-07 20:16:03 20528]   cell_expression: (500,)
[2026-04-07 20:16:03 20528]   drug_descriptors: (500,)
[2026-04-07 20:16:03 20528] Total input dimensions: 1001
[2026-04-07 20:16:04 20528] Model: {"class_name": "Sequential", "config": {"name": "sequential_1", "layers": [{"class_name": "Dense", "config": {"name": "dense_1", "trainable": true, "batch_input_shape": [null, 1001], "dtype": "float32", "units": 1000, "activation": "linear", "use_bias": true, "kernel_initializer": {"class_name": "RandomNormal", "config": {"mean": 0.0, "stddev": 0.05, "seed": 2021}}, "bias_initializer": {"class_name": "Constant", "config": {"value": 0.0}}, "kernel_regularizer": null, "bias_regularizer": null, "activity_regularizer": null, "kernel_constraint": null, "bias_constraint": null}}, {"class_name": "Activation", "config": {"name": "activation_1", "trainable": true, "dtype": "float32", "activation": "relu"}}, {"class_name": "Dropout", "config": {"name": "dropout_1", "trainable": true, "dtype": "float32", "rate": 0.1, "noise_shape": null, "seed": null}}, {"class_name": "Dense", "config": {"name": "dense_2", "trainable": true, "batch_input_shape": [null, 1001], "dtype": "float32", "units": 500, "activation": "linear", "use_bias": true, "kernel_initializer": {"class_name": "RandomNormal", "config": {"mean": 0.0, "stddev": 0.05, "seed": 2021}}, "bias_initializer": {"class_name": "Constant", "config": {"value": 0.0}}, "kernel_regularizer": null, "bias_regularizer": null, "activity_regularizer": null, "kernel_constraint": null, "bias_constraint": null}}, {"class_name": "Activation", "config": {"name": "activation_2", "trainable": true, "dtype": "float32", "activation": "relu"}}, {"class_name": "Dropout", "config": {"name": "dropout_2", "trainable": true, "dtype": "float32", "rate": 0.1, "noise_shape": null, "seed": null}}, {"class_name": "Dense", "config": {"name": "dense_3", "trainable": true, "batch_input_shape": [null, 1001], "dtype": "float32", "units": 100, "activation": "linear", "use_bias": true, "kernel_initializer": {"class_name": "RandomNormal", "config": {"mean": 0.0, "stddev": 0.05, "seed": 2021}}, "bias_initializer": {"class_name": "Constant", "config": {"value": 0.0}}, "kernel_regularizer": null, "bias_regularizer": null, "activity_regularizer": null, "kernel_constraint": null, "bias_constraint": null}}, {"class_name": "Activation", "config": {"name": "activation_3", "trainable": true, "dtype": "float32", "activation": "relu"}}, {"class_name": "Dropout", "config": {"name": "dropout_3", "trainable": true, "dtype": "float32", "rate": 0.1, "noise_shape": null, "seed": null}}, {"class_name": "Dense", "config": {"name": "dense_4", "trainable": true, "batch_input_shape": [null, 1001], "dtype": "float32", "units": 50, "activation": "linear", "use_bias": true, "kernel_initializer": {"class_name": "RandomNormal", "config": {"mean": 0.0, "stddev": 0.05, "seed": 2021}}, "bias_initializer": {"class_name": "Constant", "config": {"value": 0.0}}, "kernel_regularizer": null, "bias_regularizer": null, "activity_regularizer": null, "kernel_constraint": null, "bias_constraint": null}}, {"class_name": "Activation", "config": {"name": "activation_4", "trainable": true, "dtype": "float32", "activation": "relu"}}, {"class_name": "Dropout", "config": {"name": "dropout_4", "trainable": true, "dtype": "float32", "rate": 0.1, "noise_shape": null, "seed": null}}, {"class_name": "Dense", "config": {"name": "dense_5", "trainable": true, "dtype": "float32", "units": 1, "activation": "linear", "use_bias": true, "kernel_initializer": {"class_name": "VarianceScaling", "config": {"scale": 1.0, "mode": "fan_avg", "distribution": "uniform", "seed": null}}, "bias_initializer": {"class_name": "Zeros", "config": {}}, "kernel_regularizer": null, "bias_regularizer": null, "activity_regularizer": null, "kernel_constraint": null, "bias_constraint": null}}]}, "keras_version": "2.3.1", "backend": "tensorflow"}
[2026-04-07 20:16:27 20528] Epoch 1/1 - loss: 0.4569 - val_loss: 0.5542 - val_acc: 0.5110 - test_loss: 0.3568 - test_acc: 0.5020
[2026-04-07 20:18:46 10860] Params: {'dense': [1000, 500, 100, 50], 'batch_size': 100, 'epochs': 1, 'activation': 'relu', 'loss': 'mse', 'optimizer': 'sgd', 'learning_rate': 0.001, 'scaling': 'std', 'dropout': 0.1, 'feature_subsample': 500, 'val_split': 0.1, 'rng_seed': 2017, 'initialization': 'normal', 'min_logconc': -5.0, 'max_logconc': -4.0, 'category_cutoffs': [0.0], 'test_cell_split': 0.15, 'cell_features': ['expression'], 'drug_features': ['descriptors'], 'subsample': 'naive_balancing', 'batch_normalization': False, 'cell_noise_sigma': 0.0, 'output_dir': 'C:\\Users\\pgalt\\Desktop\\xai\\Pilot1\\Pilot1\\P1B3\\save\\EXP000\\RUN000', 'verbose': None, 'logfile': None, 'train_bool': True, 'experiment_id': 'EXP000', 'run_id': 'RUN000', 'shuffle': False, 'profiling': False, 'scramble': False, 'workers': 1, 'train_steps': 100, 'val_steps': 10, 'test_steps': 10, 'data_type': <class 'numpy.float32'>, 'timeout': -1}
[2026-04-07 20:19:02 10860] Loaded 2328562 unique (D, CL) response sets.
[2026-04-07 20:19:55 10860] Filtered down to 1151557 rows with matching information.
[2026-04-07 20:19:56 10860] Combined train and validation set has 1000151 rows
[2026-04-07 20:19:56 10860] Use unseen drugs and a fraction of seen cell lines for testing: LC:HOP_62, LC:NCI_H460, LE:MOLT_4, LE:RPMI_8226, ME:M14, ME:UACC_62, RE:A498, RE:ACHN
[2026-04-07 20:19:57 10860] Test set has 14740 rows
[2026-04-07 20:19:57 10860] Distribution of dose response:
[2026-04-07 20:19:57 10860]              GROWTH
count  1.014891e+06
mean  -1.296296e+00
std    6.216944e+01
min   -1.000000e+02
25%   -5.600000e+01
50%    0.000000e+00
75%    4.600000e+01
max    2.700000e+02
[2026-04-07 20:19:57 10860] Category cutoffs: [0.0]
[2026-04-07 20:19:57 10860] Dose response bin counts:
[2026-04-07 20:19:57 10860]   Class 0:  502018 (0.4947) - between -1.00 and +0.00
[2026-04-07 20:19:57 10860]   Class 1:  512873 (0.5053) - between +0.00 and +2.70
[2026-04-07 20:19:57 10860]   Total:   1014891
[2026-04-07 20:19:57 10860] Rows in train: 900136, val: 100015, test: 14740
[2026-04-07 20:19:57 10860] Input features shapes:
[2026-04-07 20:19:57 10860]   drug_concentration: (1,)
[2026-04-07 20:19:57 10860]   cell_expression: (500,)
[2026-04-07 20:19:57 10860]   drug_descriptors: (500,)
[2026-04-07 20:19:57 10860] Total input dimensions: 1001
[2026-04-07 20:19:58 10860] Model: {"class_name": "Sequential", "config": {"name": "sequential_1", "layers": [{"class_name": "Dense", "config": {"name": "dense_1", "trainable": true, "batch_input_shape": [null, 1001], "dtype": "float32", "units": 1000, "activation": "linear", "use_bias": true, "kernel_initializer": {"class_name": "RandomNormal", "config": {"mean": 0.0, "stddev": 0.05, "seed": 2021}}, "bias_initializer": {"class_name": "Constant", "config": {"value": 0.0}}, "kernel_regularizer": null, "bias_regularizer": null, "activity_regularizer": null, "kernel_constraint": null, "bias_constraint": null}}, {"class_name": "Activation", "config": {"name": "activation_1", "trainable": true, "dtype": "float32", "activation": "relu"}}, {"class_name": "Dropout", "config": {"name": "dropout_1", "trainable": true, "dtype": "float32", "rate": 0.1, "noise_shape": null, "seed": null}}, {"class_name": "Dense", "config": {"name": "dense_2", "trainable": true, "batch_input_shape": [null, 1001], "dtype": "float32", "units": 500, "activation": "linear", "use_bias": true, "kernel_initializer": {"class_name": "RandomNormal", "config": {"mean": 0.0, "stddev": 0.05, "seed": 2021}}, "bias_initializer": {"class_name": "Constant", "config": {"value": 0.0}}, "kernel_regularizer": null, "bias_regularizer": null, "activity_regularizer": null, "kernel_constraint": null, "bias_constraint": null}}, {"class_name": "Activation", "config": {"name": "activation_2", "trainable": true, "dtype": "float32", "activation": "relu"}}, {"class_name": "Dropout", "config": {"name": "dropout_2", "trainable": true, "dtype": "float32", "rate": 0.1, "noise_shape": null, "seed": null}}, {"class_name": "Dense", "config": {"name": "dense_3", "trainable": true, "batch_input_shape": [null, 1001], "dtype": "float32", "units": 100, "activation": "linear", "use_bias": true, "kernel_initializer": {"class_name": "RandomNormal", "config": {"mean": 0.0, "stddev": 0.05, "seed": 2021}}, "bias_initializer": {"class_name": "Constant", "config": {"value": 0.0}}, "kernel_regularizer": null, "bias_regularizer": null, "activity_regularizer": null, "kernel_constraint": null, "bias_constraint": null}}, {"class_name": "Activation", "config": {"name": "activation_3", "trainable": true, "dtype": "float32", "activation": "relu"}}, {"class_name": "Dropout", "config": {"name": "dropout_3", "trainable": true, "dtype": "float32", "rate": 0.1, "noise_shape": null, "seed": null}}, {"class_name": "Dense", "config": {"name": "dense_4", "trainable": true, "batch_input_shape": [null, 1001], "dtype": "float32", "units": 50, "activation": "linear", "use_bias": true, "kernel_initializer": {"class_name": "RandomNormal", "config": {"mean": 0.0, "stddev": 0.05, "seed": 2021}}, "bias_initializer": {"class_name": "Constant", "config": {"value": 0.0}}, "kernel_regularizer": null, "bias_regularizer": null, "activity_regularizer": null, "kernel_constraint": null, "bias_constraint": null}}, {"class_name": "Activation", "config": {"name": "activation_4", "trainable": true, "dtype": "float32", "activation": "relu"}}, {"class_name": "Dropout", "config": {"name": "dropout_4", "trainable": true, "dtype": "float32", "rate": 0.1, "noise_shape": null, "seed": null}}, {"class_name": "Dense", "config": {"name": "dense_5", "trainable": true, "dtype": "float32", "units": 1, "activation": "linear", "use_bias": true, "kernel_initializer": {"class_name": "VarianceScaling", "config": {"scale": 1.0, "mode": "fan_avg", "distribution": "uniform", "seed": null}}, "bias_initializer": {"class_name": "Zeros", "config": {}}, "kernel_regularizer": null, "bias_regularizer": null, "activity_regularizer": null, "kernel_constraint": null, "bias_constraint": null}}]}, "keras_version": "2.3.1", "backend": "tensorflow"}
[2026-04-07 20:20:19 10860] Epoch 1/1 - loss: 0.4569 - val_loss: 0.5542 - val_acc: 0.5110 - test_loss: 0.3568 - test_acc: 0.5020
